main.c:83:5:main	544	static
main.c:154:6:SystemClock_Config	88	static
main.c:199:13:MX_CAN1_Init	8	static
main.c:236:13:MX_TIM1_Init	80	static
main.c:301:13:MX_TIM14_Init	8	static
main.c:332:13:MX_USART2_UART_Init	8	static
main.c:363:13:MX_DMA_Init	16	static
main.c:381:13:MX_GPIO_Init	48	static
main.c:424:6:HAL_TIM_PeriodElapsedCallback	16	static
main.c:429:6:DMATransferComplete	16	static
main.c:435:6:HAL_GPIO_EXTI_Callback	16	static
main.c:447:6:can_filter_init	48	static
main.c:468:6:Error_Handler	4	static,ignoring_inline_asm
