main.c:92:5:main	560	static
main.c:163:6:SystemClock_Config	88	static
main.c:208:13:MX_CAN1_Init	8	static
main.c:245:13:MX_TIM1_Init	80	static
main.c:310:13:MX_TIM14_Init	8	static
main.c:341:13:MX_USART2_UART_Init	8	static
main.c:372:13:MX_DMA_Init	16	static
main.c:390:13:MX_GPIO_Init	48	static
main.c:433:6:HAL_TIM_PeriodElapsedCallback	16	static
main.c:438:6:DMATransferComplete	16	static
main.c:444:6:HAL_GPIO_EXTI_Callback	16	static
main.c:456:6:can_filter_init	48	static
main.c:477:6:Error_Handler	4	static,ignoring_inline_asm
