stm32f4xx_it.c:83:6:NMI_Handler	4	static
stm32f4xx_it.c:98:6:HardFault_Handler	4	static
stm32f4xx_it.c:113:6:MemManage_Handler	4	static
stm32f4xx_it.c:128:6:BusFault_Handler	4	static
stm32f4xx_it.c:143:6:UsageFault_Handler	4	static
stm32f4xx_it.c:158:6:SVC_Handler	4	static
stm32f4xx_it.c:171:6:DebugMon_Handler	4	static
stm32f4xx_it.c:184:6:PendSV_Handler	4	static
stm32f4xx_it.c:197:6:SysTick_Handler	8	static
stm32f4xx_it.c:218:6:DMA1_Stream6_IRQHandler	8	static
stm32f4xx_it.c:232:6:CAN1_RX0_IRQHandler	32	static
stm32f4xx_it.c:299:6:EXTI15_10_IRQHandler	8	static
stm32f4xx_it.c:313:6:TIM8_TRG_COM_TIM14_IRQHandler	8	static
